[      61ms] [WARNING] Unrecognized feature: 'speaker-selection'. @ http://localhost:5500/:236
[     184ms] [LOG] SoundCloud iframe colors updated: #6625d9 @ http://localhost:5500/main.js:122
[     185ms] [LOG] Hero image set: {desktopUrl: splash-images/12/bm_nerva_Night_forest_rave_with_b…oo_298e6eae-2312-4825-bcac-7a67094cbf8f_0.png?v=1, mobileUrl: splash-images/12/bm_nerva_Night_forest_rave_with_b…oo_df8dc3bd-9b0d-4f39-93c8-e3f761f2f4eb_0.png?v=1} @ http://localhost:5500/main.js:93
[     187ms] [LOG] Theme colors set: {primaryColor: #e77646, secondaryColor: #1c2c5c, accentColor: #f38eee} @ http://localhost:5500/main.js:101
[    2690ms] [WARNING] WARNING: Too many active WebGL contexts. Oldest context will be lost. @ https://dwt.soundcloud.com/tags.js:1
[    2693ms] [WARNING] WARNING: Too many active WebGL contexts. Oldest context will be lost. @ https://dwt.soundcloud.com/tags.js:1
[    2696ms] [WARNING] WARNING: Too many active WebGL contexts. Oldest context will be lost. @ https://dwt.soundcloud.com/tags.js:1
[    2843ms] [ERROR] Permissions policy violation: encrypted-media is not allowed in this document. @ https://player-widget.mixcloud.com/assets/index-DFbmkmY8.js:34
[    2844ms] [WARNING] Encrypted Media access has been blocked because of a Feature Policy applied to the current document. See https://crbug.com/414348233 for more details. @ https://player-widget.mixcloud.com/assets/index-DFbmkmY8.js:34
[    2844ms] [ERROR] Permissions policy violation: encrypted-media is not allowed in this document. @ https://player-widget.mixcloud.com/assets/index-DFbmkmY8.js:34
[    2844ms] [WARNING] Encrypted Media access has been blocked because of a Feature Policy applied to the current document. See https://crbug.com/414348233 for more details. @ https://player-widget.mixcloud.com/assets/index-DFbmkmY8.js:34
[    2844ms] [ERROR] Permissions policy violation: encrypted-media is not allowed in this document. @ https://player-widget.mixcloud.com/assets/index-DFbmkmY8.js:34
[    2844ms] [WARNING] Encrypted Media access has been blocked because of a Feature Policy applied to the current document. See https://crbug.com/414348233 for more details. @ https://player-widget.mixcloud.com/assets/index-DFbmkmY8.js:34
[    2861ms] [ERROR] Permissions policy violation: encrypted-media is not allowed in this document. @ https://player-widget.mixcloud.com/assets/index-DFbmkmY8.js:34
[    2861ms] [WARNING] Encrypted Media access has been blocked because of a Feature Policy applied to the current document. See https://crbug.com/414348233 for more details. @ https://player-widget.mixcloud.com/assets/index-DFbmkmY8.js:34
[    2861ms] [ERROR] Permissions policy violation: encrypted-media is not allowed in this document. @ https://player-widget.mixcloud.com/assets/index-DFbmkmY8.js:34
[    2861ms] [WARNING] Encrypted Media access has been blocked because of a Feature Policy applied to the current document. See https://crbug.com/414348233 for more details. @ https://player-widget.mixcloud.com/assets/index-DFbmkmY8.js:34
[    2861ms] [ERROR] Permissions policy violation: encrypted-media is not allowed in this document. @ https://player-widget.mixcloud.com/assets/index-DFbmkmY8.js:34
[    2861ms] [WARNING] Encrypted Media access has been blocked because of a Feature Policy applied to the current document. See https://crbug.com/414348233 for more details. @ https://player-widget.mixcloud.com/assets/index-DFbmkmY8.js:34
[    2864ms] [ERROR] Permissions policy violation: encrypted-media is not allowed in this document. @ https://player-widget.mixcloud.com/assets/index-DFbmkmY8.js:34
[    2864ms] [WARNING] Encrypted Media access has been blocked because of a Feature Policy applied to the current document. See https://crbug.com/414348233 for more details. @ https://player-widget.mixcloud.com/assets/index-DFbmkmY8.js:34
[    2864ms] [ERROR] Permissions policy violation: encrypted-media is not allowed in this document. @ https://player-widget.mixcloud.com/assets/index-DFbmkmY8.js:34
[    2864ms] [WARNING] Encrypted Media access has been blocked because of a Feature Policy applied to the current document. See https://crbug.com/414348233 for more details. @ https://player-widget.mixcloud.com/assets/index-DFbmkmY8.js:34
[    2864ms] [ERROR] Permissions policy violation: encrypted-media is not allowed in this document. @ https://player-widget.mixcloud.com/assets/index-DFbmkmY8.js:34
[    2864ms] [WARNING] Encrypted Media access has been blocked because of a Feature Policy applied to the current document. See https://crbug.com/414348233 for more details. @ https://player-widget.mixcloud.com/assets/index-DFbmkmY8.js:34
[    2874ms] [ERROR] Permissions policy violation: encrypted-media is not allowed in this document. @ https://player-widget.mixcloud.com/assets/index-DFbmkmY8.js:34
[    2874ms] [WARNING] Encrypted Media access has been blocked because of a Feature Policy applied to the current document. See https://crbug.com/414348233 for more details. @ https://player-widget.mixcloud.com/assets/index-DFbmkmY8.js:34
[    2874ms] [ERROR] Permissions policy violation: encrypted-media is not allowed in this document. @ https://player-widget.mixcloud.com/assets/index-DFbmkmY8.js:34
[    2874ms] [WARNING] Encrypted Media access has been blocked because of a Feature Policy applied to the current document. See https://crbug.com/414348233 for more details. @ https://player-widget.mixcloud.com/assets/index-DFbmkmY8.js:34
[    2874ms] [ERROR] Permissions policy violation: encrypted-media is not allowed in this document. @ https://player-widget.mixcloud.com/assets/index-DFbmkmY8.js:34
[    2874ms] [WARNING] Encrypted Media access has been blocked because of a Feature Policy applied to the current document. See https://crbug.com/414348233 for more details. @ https://player-widget.mixcloud.com/assets/index-DFbmkmY8.js:34
[    2880ms] [ERROR] Permissions policy violation: encrypted-media is not allowed in this document. @ https://player-widget.mixcloud.com/assets/index-DFbmkmY8.js:34
[    2880ms] [WARNING] Encrypted Media access has been blocked because of a Feature Policy applied to the current document. See https://crbug.com/414348233 for more details. @ https://player-widget.mixcloud.com/assets/index-DFbmkmY8.js:34
[    2880ms] [ERROR] Permissions policy violation: encrypted-media is not allowed in this document. @ https://player-widget.mixcloud.com/assets/index-DFbmkmY8.js:34
[    2880ms] [WARNING] Encrypted Media access has been blocked because of a Feature Policy applied to the current document. See https://crbug.com/414348233 for more details. @ https://player-widget.mixcloud.com/assets/index-DFbmkmY8.js:34
[    2880ms] [ERROR] Permissions policy violation: encrypted-media is not allowed in this document. @ https://player-widget.mixcloud.com/assets/index-DFbmkmY8.js:34
[    2880ms] [WARNING] Encrypted Media access has been blocked because of a Feature Policy applied to the current document. See https://crbug.com/414348233 for more details. @ https://player-widget.mixcloud.com/assets/index-DFbmkmY8.js:34
[    3181ms] [ERROR] Failed to load resource: the server responded with a status of 404 () @ https://player-widget.mixcloud.com/mix-D-rK8BlV-MixcloudWordmarkLogo.svg#use-href-target:0
[    2843ms] [ERROR] Permissions policy violation: encrypted-media is not allowed in this document. @ https://player-widget.mixcloud.com/assets/index-DFbmkmY8.js:34
[    2844ms] [WARNING] Encrypted Media access has been blocked because of a Feature Policy applied to the current document. See https://crbug.com/414348233 for more details. @ https://player-widget.mixcloud.com/assets/index-DFbmkmY8.js:34
[    2844ms] [ERROR] Permissions policy violation: encrypted-media is not allowed in this document. @ https://player-widget.mixcloud.com/assets/index-DFbmkmY8.js:34
[    2844ms] [WARNING] Encrypted Media access has been blocked because of a Feature Policy applied to the current document. See https://crbug.com/414348233 for more details. @ https://player-widget.mixcloud.com/assets/index-DFbmkmY8.js:34
[    2844ms] [ERROR] Permissions policy violation: encrypted-media is not allowed in this document. @ https://player-widget.mixcloud.com/assets/index-DFbmkmY8.js:34
[    2844ms] [WARNING] Encrypted Media access has been blocked because of a Feature Policy applied to the current document. See https://crbug.com/414348233 for more details. @ https://player-widget.mixcloud.com/assets/index-DFbmkmY8.js:34
[    2861ms] [ERROR] Permissions policy violation: encrypted-media is not allowed in this document. @ https://player-widget.mixcloud.com/assets/index-DFbmkmY8.js:34
[    2861ms] [WARNING] Encrypted Media access has been blocked because of a Feature Policy applied to the current document. See https://crbug.com/414348233 for more details. @ https://player-widget.mixcloud.com/assets/index-DFbmkmY8.js:34
[    2861ms] [ERROR] Permissions policy violation: encrypted-media is not allowed in this document. @ https://player-widget.mixcloud.com/assets/index-DFbmkmY8.js:34
[    2861ms] [WARNING] Encrypted Media access has been blocked because of a Feature Policy applied to the current document. See https://crbug.com/414348233 for more details. @ https://player-widget.mixcloud.com/assets/index-DFbmkmY8.js:34
[    2861ms] [ERROR] Permissions policy violation: encrypted-media is not allowed in this document. @ https://player-widget.mixcloud.com/assets/index-DFbmkmY8.js:34
[    2861ms] [WARNING] Encrypted Media access has been blocked because of a Feature Policy applied to the current document. See https://crbug.com/414348233 for more details. @ https://player-widget.mixcloud.com/assets/index-DFbmkmY8.js:34
[    2864ms] [ERROR] Permissions policy violation: encrypted-media is not allowed in this document. @ https://player-widget.mixcloud.com/assets/index-DFbmkmY8.js:34
[    2864ms] [WARNING] Encrypted Media access has been blocked because of a Feature Policy applied to the current document. See https://crbug.com/414348233 for more details. @ https://player-widget.mixcloud.com/assets/index-DFbmkmY8.js:34
[    2864ms] [ERROR] Permissions policy violation: encrypted-media is not allowed in this document. @ https://player-widget.mixcloud.com/assets/index-DFbmkmY8.js:34
[    2864ms] [WARNING] Encrypted Media access has been blocked because of a Feature Policy applied to the current document. See https://crbug.com/414348233 for more details. @ https://player-widget.mixcloud.com/assets/index-DFbmkmY8.js:34
[    2864ms] [ERROR] Permissions policy violation: encrypted-media is not allowed in this document. @ https://player-widget.mixcloud.com/assets/index-DFbmkmY8.js:34
[    2864ms] [WARNING] Encrypted Media access has been blocked because of a Feature Policy applied to the current document. See https://crbug.com/414348233 for more details. @ https://player-widget.mixcloud.com/assets/index-DFbmkmY8.js:34
[    2874ms] [ERROR] Permissions policy violation: encrypted-media is not allowed in this document. @ https://player-widget.mixcloud.com/assets/index-DFbmkmY8.js:34
[    2874ms] [WARNING] Encrypted Media access has been blocked because of a Feature Policy applied to the current document. See https://crbug.com/414348233 for more details. @ https://player-widget.mixcloud.com/assets/index-DFbmkmY8.js:34
[    2874ms] [ERROR] Permissions policy violation: encrypted-media is not allowed in this document. @ https://player-widget.mixcloud.com/assets/index-DFbmkmY8.js:34
[    2874ms] [WARNING] Encrypted Media access has been blocked because of a Feature Policy applied to the current document. See https://crbug.com/414348233 for more details. @ https://player-widget.mixcloud.com/assets/index-DFbmkmY8.js:34
[    2874ms] [ERROR] Permissions policy violation: encrypted-media is not allowed in this document. @ https://player-widget.mixcloud.com/assets/index-DFbmkmY8.js:34
[    2874ms] [WARNING] Encrypted Media access has been blocked because of a Feature Policy applied to the current document. See https://crbug.com/414348233 for more details. @ https://player-widget.mixcloud.com/assets/index-DFbmkmY8.js:34
[    2880ms] [ERROR] Permissions policy violation: encrypted-media is not allowed in this document. @ https://player-widget.mixcloud.com/assets/index-DFbmkmY8.js:34
[    2880ms] [WARNING] Encrypted Media access has been blocked because of a Feature Policy applied to the current document. See https://crbug.com/414348233 for more details. @ https://player-widget.mixcloud.com/assets/index-DFbmkmY8.js:34
[    2880ms] [ERROR] Permissions policy violation: encrypted-media is not allowed in this document. @ https://player-widget.mixcloud.com/assets/index-DFbmkmY8.js:34
[    2880ms] [WARNING] Encrypted Media access has been blocked because of a Feature Policy applied to the current document. See https://crbug.com/414348233 for more details. @ https://player-widget.mixcloud.com/assets/index-DFbmkmY8.js:34
[    2880ms] [ERROR] Permissions policy violation: encrypted-media is not allowed in this document. @ https://player-widget.mixcloud.com/assets/index-DFbmkmY8.js:34
[    2880ms] [WARNING] Encrypted Media access has been blocked because of a Feature Policy applied to the current document. See https://crbug.com/414348233 for more details. @ https://player-widget.mixcloud.com/assets/index-DFbmkmY8.js:34
[    3181ms] [ERROR] Failed to load resource: the server responded with a status of 404 () @ https://player-widget.mixcloud.com/mix-D-rK8BlV-MixcloudWordmarkLogo.svg#use-href-target:0
[    3193ms] [ERROR] Permissions policy violation: encrypted-media is not allowed in this document. @ https://player-widget.mixcloud.com/assets/index-DFbmkmY8.js:34
[    3193ms] [WARNING] Encrypted Media access has been blocked because of a Feature Policy applied to the current document. See https://crbug.com/414348233 for more details. @ https://player-widget.mixcloud.com/assets/index-DFbmkmY8.js:34
[    3193ms] [ERROR] Permissions policy violation: encrypted-media is not allowed in this document. @ https://player-widget.mixcloud.com/assets/index-DFbmkmY8.js:34
[    3193ms] [WARNING] Encrypted Media access has been blocked because of a Feature Policy applied to the current document. See https://crbug.com/414348233 for more details. @ https://player-widget.mixcloud.com/assets/index-DFbmkmY8.js:34
[    3193ms] [ERROR] Permissions policy violation: encrypted-media is not allowed in this document. @ https://player-widget.mixcloud.com/assets/index-DFbmkmY8.js:34
[    3193ms] [WARNING] Encrypted Media access has been blocked because of a Feature Policy applied to the current document. See https://crbug.com/414348233 for more details. @ https://player-widget.mixcloud.com/assets/index-DFbmkmY8.js:34
[    2843ms] [ERROR] Permissions policy violation: encrypted-media is not allowed in this document. @ https://player-widget.mixcloud.com/assets/index-DFbmkmY8.js:34
[    2844ms] [WARNING] Encrypted Media access has been blocked because of a Feature Policy applied to the current document. See https://crbug.com/414348233 for more details. @ https://player-widget.mixcloud.com/assets/index-DFbmkmY8.js:34
[    2844ms] [ERROR] Permissions policy violation: encrypted-media is not allowed in this document. @ https://player-widget.mixcloud.com/assets/index-DFbmkmY8.js:34
[    2844ms] [WARNING] Encrypted Media access has been blocked because of a Feature Policy applied to the current document. See https://crbug.com/414348233 for more details. @ https://player-widget.mixcloud.com/assets/index-DFbmkmY8.js:34
[    2844ms] [ERROR] Permissions policy violation: encrypted-media is not allowed in this document. @ https://player-widget.mixcloud.com/assets/index-DFbmkmY8.js:34
[    2844ms] [WARNING] Encrypted Media access has been blocked because of a Feature Policy applied to the current document. See https://crbug.com/414348233 for more details. @ https://player-widget.mixcloud.com/assets/index-DFbmkmY8.js:34
[    2861ms] [ERROR] Permissions policy violation: encrypted-media is not allowed in this document. @ https://player-widget.mixcloud.com/assets/index-DFbmkmY8.js:34
[    2861ms] [WARNING] Encrypted Media access has been blocked because of a Feature Policy applied to the current document. See https://crbug.com/414348233 for more details. @ https://player-widget.mixcloud.com/assets/index-DFbmkmY8.js:34
[    2861ms] [ERROR] Permissions policy violation: encrypted-media is not allowed in this document. @ https://player-widget.mixcloud.com/assets/index-DFbmkmY8.js:34
[    2861ms] [WARNING] Encrypted Media access has been blocked because of a Feature Policy applied to the current document. See https://crbug.com/414348233 for more details. @ https://player-widget.mixcloud.com/assets/index-DFbmkmY8.js:34
[    2861ms] [ERROR] Permissions policy violation: encrypted-media is not allowed in this document. @ https://player-widget.mixcloud.com/assets/index-DFbmkmY8.js:34
[    2861ms] [WARNING] Encrypted Media access has been blocked because of a Feature Policy applied to the current document. See https://crbug.com/414348233 for more details. @ https://player-widget.mixcloud.com/assets/index-DFbmkmY8.js:34
[    2864ms] [ERROR] Permissions policy violation: encrypted-media is not allowed in this document. @ https://player-widget.mixcloud.com/assets/index-DFbmkmY8.js:34
[    2864ms] [WARNING] Encrypted Media access has been blocked because of a Feature Policy applied to the current document. See https://crbug.com/414348233 for more details. @ https://player-widget.mixcloud.com/assets/index-DFbmkmY8.js:34
[    2864ms] [ERROR] Permissions policy violation: encrypted-media is not allowed in this document. @ https://player-widget.mixcloud.com/assets/index-DFbmkmY8.js:34
[    2864ms] [WARNING] Encrypted Media access has been blocked because of a Feature Policy applied to the current document. See https://crbug.com/414348233 for more details. @ https://player-widget.mixcloud.com/assets/index-DFbmkmY8.js:34
[    2864ms] [ERROR] Permissions policy violation: encrypted-media is not allowed in this document. @ https://player-widget.mixcloud.com/assets/index-DFbmkmY8.js:34
[    2864ms] [WARNING] Encrypted Media access has been blocked because of a Feature Policy applied to the current document. See https://crbug.com/414348233 for more details. @ https://player-widget.mixcloud.com/assets/index-DFbmkmY8.js:34
[    2874ms] [ERROR] Permissions policy violation: encrypted-media is not allowed in this document. @ https://player-widget.mixcloud.com/assets/index-DFbmkmY8.js:34
[    2874ms] [WARNING] Encrypted Media access has been blocked because of a Feature Policy applied to the current document. See https://crbug.com/414348233 for more details. @ https://player-widget.mixcloud.com/assets/index-DFbmkmY8.js:34
[    2874ms] [ERROR] Permissions policy violation: encrypted-media is not allowed in this document. @ https://player-widget.mixcloud.com/assets/index-DFbmkmY8.js:34
[    2874ms] [WARNING] Encrypted Media access has been blocked because of a Feature Policy applied to the current document. See https://crbug.com/414348233 for more details. @ https://player-widget.mixcloud.com/assets/index-DFbmkmY8.js:34
[    2874ms] [ERROR] Permissions policy violation: encrypted-media is not allowed in this document. @ https://player-widget.mixcloud.com/assets/index-DFbmkmY8.js:34
[    2874ms] [WARNING] Encrypted Media access has been blocked because of a Feature Policy applied to the current document. See https://crbug.com/414348233 for more details. @ https://player-widget.mixcloud.com/assets/index-DFbmkmY8.js:34
[    2880ms] [ERROR] Permissions policy violation: encrypted-media is not allowed in this document. @ https://player-widget.mixcloud.com/assets/index-DFbmkmY8.js:34
[    2880ms] [WARNING] Encrypted Media access has been blocked because of a Feature Policy applied to the current document. See https://crbug.com/414348233 for more details. @ https://player-widget.mixcloud.com/assets/index-DFbmkmY8.js:34
[    2880ms] [ERROR] Permissions policy violation: encrypted-media is not allowed in this document. @ https://player-widget.mixcloud.com/assets/index-DFbmkmY8.js:34
[    2880ms] [WARNING] Encrypted Media access has been blocked because of a Feature Policy applied to the current document. See https://crbug.com/414348233 for more details. @ https://player-widget.mixcloud.com/assets/index-DFbmkmY8.js:34
[    2880ms] [ERROR] Permissions policy violation: encrypted-media is not allowed in this document. @ https://player-widget.mixcloud.com/assets/index-DFbmkmY8.js:34
[    2880ms] [WARNING] Encrypted Media access has been blocked because of a Feature Policy applied to the current document. See https://crbug.com/414348233 for more details. @ https://player-widget.mixcloud.com/assets/index-DFbmkmY8.js:34
[    3181ms] [ERROR] Failed to load resource: the server responded with a status of 404 () @ https://player-widget.mixcloud.com/mix-D-rK8BlV-MixcloudWordmarkLogo.svg#use-href-target:0
[    3193ms] [ERROR] Permissions policy violation: encrypted-media is not allowed in this document. @ https://player-widget.mixcloud.com/assets/index-DFbmkmY8.js:34
[    3193ms] [WARNING] Encrypted Media access has been blocked because of a Feature Policy applied to the current document. See https://crbug.com/414348233 for more details. @ https://player-widget.mixcloud.com/assets/index-DFbmkmY8.js:34
[    3193ms] [ERROR] Permissions policy violation: encrypted-media is not allowed in this document. @ https://player-widget.mixcloud.com/assets/index-DFbmkmY8.js:34
[    3193ms] [WARNING] Encrypted Media access has been blocked because of a Feature Policy applied to the current document. See https://crbug.com/414348233 for more details. @ https://player-widget.mixcloud.com/assets/index-DFbmkmY8.js:34
[    3193ms] [ERROR] Permissions policy violation: encrypted-media is not allowed in this document. @ https://player-widget.mixcloud.com/assets/index-DFbmkmY8.js:34
[    3193ms] [WARNING] Encrypted Media access has been blocked because of a Feature Policy applied to the current document. See https://crbug.com/414348233 for more details. @ https://player-widget.mixcloud.com/assets/index-DFbmkmY8.js:34
[    2843ms] [ERROR] Permissions policy violation: encrypted-media is not allowed in this document. @ https://player-widget.mixcloud.com/assets/index-DFbmkmY8.js:34
[    2844ms] [WARNING] Encrypted Media access has been blocked because of a Feature Policy applied to the current document. See https://crbug.com/414348233 for more details. @ https://player-widget.mixcloud.com/assets/index-DFbmkmY8.js:34
[    2844ms] [ERROR] Permissions policy violation: encrypted-media is not allowed in this document. @ https://player-widget.mixcloud.com/assets/index-DFbmkmY8.js:34
[    2844ms] [WARNING] Encrypted Media access has been blocked because of a Feature Policy applied to the current document. See https://crbug.com/414348233 for more details. @ https://player-widget.mixcloud.com/assets/index-DFbmkmY8.js:34
[    2844ms] [ERROR] Permissions policy violation: encrypted-media is not allowed in this document. @ https://player-widget.mixcloud.com/assets/index-DFbmkmY8.js:34
[    2844ms] [WARNING] Encrypted Media access has been blocked because of a Feature Policy applied to the current document. See https://crbug.com/414348233 for more details. @ https://player-widget.mixcloud.com/assets/index-DFbmkmY8.js:34
[    2861ms] [ERROR] Permissions policy violation: encrypted-media is not allowed in this document. @ https://player-widget.mixcloud.com/assets/index-DFbmkmY8.js:34
[    2861ms] [WARNING] Encrypted Media access has been blocked because of a Feature Policy applied to the current document. See https://crbug.com/414348233 for more details. @ https://player-widget.mixcloud.com/assets/index-DFbmkmY8.js:34
[    2861ms] [ERROR] Permissions policy violation: encrypted-media is not allowed in this document. @ https://player-widget.mixcloud.com/assets/index-DFbmkmY8.js:34
[    2861ms] [WARNING] Encrypted Media access has been blocked because of a Feature Policy applied to the current document. See https://crbug.com/414348233 for more details. @ https://player-widget.mixcloud.com/assets/index-DFbmkmY8.js:34
[    2861ms] [ERROR] Permissions policy violation: encrypted-media is not allowed in this document. @ https://player-widget.mixcloud.com/assets/index-DFbmkmY8.js:34
[    2861ms] [WARNING] Encrypted Media access has been blocked because of a Feature Policy applied to the current document. See https://crbug.com/414348233 for more details. @ https://player-widget.mixcloud.com/assets/index-DFbmkmY8.js:34
[    2864ms] [ERROR] Permissions policy violation: encrypted-media is not allowed in this document. @ https://player-widget.mixcloud.com/assets/index-DFbmkmY8.js:34
[    2864ms] [WARNING] Encrypted Media access has been blocked because of a Feature Policy applied to the current document. See https://crbug.com/414348233 for more details. @ https://player-widget.mixcloud.com/assets/index-DFbmkmY8.js:34
[    2864ms] [ERROR] Permissions policy violation: encrypted-media is not allowed in this document. @ https://player-widget.mixcloud.com/assets/index-DFbmkmY8.js:34
[    2864ms] [WARNING] Encrypted Media access has been blocked because of a Feature Policy applied to the current document. See https://crbug.com/414348233 for more details. @ https://player-widget.mixcloud.com/assets/index-DFbmkmY8.js:34
[    2864ms] [ERROR] Permissions policy violation: encrypted-media is not allowed in this document. @ https://player-widget.mixcloud.com/assets/index-DFbmkmY8.js:34
[    2864ms] [WARNING] Encrypted Media access has been blocked because of a Feature Policy applied to the current document. See https://crbug.com/414348233 for more details. @ https://player-widget.mixcloud.com/assets/index-DFbmkmY8.js:34
[    2874ms] [ERROR] Permissions policy violation: encrypted-media is not allowed in this document. @ https://player-widget.mixcloud.com/assets/index-DFbmkmY8.js:34
[    2874ms] [WARNING] Encrypted Media access has been blocked because of a Feature Policy applied to the current document. See https://crbug.com/414348233 for more details. @ https://player-widget.mixcloud.com/assets/index-DFbmkmY8.js:34
[    2874ms] [ERROR] Permissions policy violation: encrypted-media is not allowed in this document. @ https://player-widget.mixcloud.com/assets/index-DFbmkmY8.js:34
[    2874ms] [WARNING] Encrypted Media access has been blocked because of a Feature Policy applied to the current document. See https://crbug.com/414348233 for more details. @ https://player-widget.mixcloud.com/assets/index-DFbmkmY8.js:34
[    2874ms] [ERROR] Permissions policy violation: encrypted-media is not allowed in this document. @ https://player-widget.mixcloud.com/assets/index-DFbmkmY8.js:34
[    2874ms] [WARNING] Encrypted Media access has been blocked because of a Feature Policy applied to the current document. See https://crbug.com/414348233 for more details. @ https://player-widget.mixcloud.com/assets/index-DFbmkmY8.js:34
[    2880ms] [ERROR] Permissions policy violation: encrypted-media is not allowed in this document. @ https://player-widget.mixcloud.com/assets/index-DFbmkmY8.js:34
[    2880ms] [WARNING] Encrypted Media access has been blocked because of a Feature Policy applied to the current document. See https://crbug.com/414348233 for more details. @ https://player-widget.mixcloud.com/assets/index-DFbmkmY8.js:34
[    2880ms] [ERROR] Permissions policy violation: encrypted-media is not allowed in this document. @ https://player-widget.mixcloud.com/assets/index-DFbmkmY8.js:34
[    2880ms] [WARNING] Encrypted Media access has been blocked because of a Feature Policy applied to the current document. See https://crbug.com/414348233 for more details. @ https://player-widget.mixcloud.com/assets/index-DFbmkmY8.js:34
[    2880ms] [ERROR] Permissions policy violation: encrypted-media is not allowed in this document. @ https://player-widget.mixcloud.com/assets/index-DFbmkmY8.js:34
[    2880ms] [WARNING] Encrypted Media access has been blocked because of a Feature Policy applied to the current document. See https://crbug.com/414348233 for more details. @ https://player-widget.mixcloud.com/assets/index-DFbmkmY8.js:34
[    3181ms] [ERROR] Failed to load resource: the server responded with a status of 404 () @ https://player-widget.mixcloud.com/mix-D-rK8BlV-MixcloudWordmarkLogo.svg#use-href-target:0
[    3193ms] [ERROR] Permissions policy violation: encrypted-media is not allowed in this document. @ https://player-widget.mixcloud.com/assets/index-DFbmkmY8.js:34
[    3193ms] [WARNING] Encrypted Media access has been blocked because of a Feature Policy applied to the current document. See https://crbug.com/414348233 for more details. @ https://player-widget.mixcloud.com/assets/index-DFbmkmY8.js:34
[    3193ms] [ERROR] Permissions policy violation: encrypted-media is not allowed in this document. @ https://player-widget.mixcloud.com/assets/index-DFbmkmY8.js:34
[    3193ms] [WARNING] Encrypted Media access has been blocked because of a Feature Policy applied to the current document. See https://crbug.com/414348233 for more details. @ https://player-widget.mixcloud.com/assets/index-DFbmkmY8.js:34
[    3193ms] [ERROR] Permissions policy violation: encrypted-media is not allowed in this document. @ https://player-widget.mixcloud.com/assets/index-DFbmkmY8.js:34
[    3193ms] [WARNING] Encrypted Media access has been blocked because of a Feature Policy applied to the current document. See https://crbug.com/414348233 for more details. @ https://player-widget.mixcloud.com/assets/index-DFbmkmY8.js:34
[    2843ms] [ERROR] Permissions policy violation: encrypted-media is not allowed in this document. @ https://player-widget.mixcloud.com/assets/index-DFbmkmY8.js:34
[    2844ms] [WARNING] Encrypted Media access has been blocked because of a Feature Policy applied to the current document. See https://crbug.com/414348233 for more details. @ https://player-widget.mixcloud.com/assets/index-DFbmkmY8.js:34
[    2844ms] [ERROR] Permissions policy violation: encrypted-media is not allowed in this document. @ https://player-widget.mixcloud.com/assets/index-DFbmkmY8.js:34
[    2844ms] [WARNING] Encrypted Media access has been blocked because of a Feature Policy applied to the current document. See https://crbug.com/414348233 for more details. @ https://player-widget.mixcloud.com/assets/index-DFbmkmY8.js:34
[    2844ms] [ERROR] Permissions policy violation: encrypted-media is not allowed in this document. @ https://player-widget.mixcloud.com/assets/index-DFbmkmY8.js:34
[    2844ms] [WARNING] Encrypted Media access has been blocked because of a Feature Policy applied to the current document. See https://crbug.com/414348233 for more details. @ https://player-widget.mixcloud.com/assets/index-DFbmkmY8.js:34
[    2861ms] [ERROR] Permissions policy violation: encrypted-media is not allowed in this document. @ https://player-widget.mixcloud.com/assets/index-DFbmkmY8.js:34
[    2861ms] [WARNING] Encrypted Media access has been blocked because of a Feature Policy applied to the current document. See https://crbug.com/414348233 for more details. @ https://player-widget.mixcloud.com/assets/index-DFbmkmY8.js:34
[    2861ms] [ERROR] Permissions policy violation: encrypted-media is not allowed in this document. @ https://player-widget.mixcloud.com/assets/index-DFbmkmY8.js:34
[    2861ms] [WARNING] Encrypted Media access has been blocked because of a Feature Policy applied to the current document. See https://crbug.com/414348233 for more details. @ https://player-widget.mixcloud.com/assets/index-DFbmkmY8.js:34
[    2861ms] [ERROR] Permissions policy violation: encrypted-media is not allowed in this document. @ https://player-widget.mixcloud.com/assets/index-DFbmkmY8.js:34
[    2861ms] [WARNING] Encrypted Media access has been blocked because of a Feature Policy applied to the current document. See https://crbug.com/414348233 for more details. @ https://player-widget.mixcloud.com/assets/index-DFbmkmY8.js:34
[    2864ms] [ERROR] Permissions policy violation: encrypted-media is not allowed in this document. @ https://player-widget.mixcloud.com/assets/index-DFbmkmY8.js:34
[    2864ms] [WARNING] Encrypted Media access has been blocked because of a Feature Policy applied to the current document. See https://crbug.com/414348233 for more details. @ https://player-widget.mixcloud.com/assets/index-DFbmkmY8.js:34
[    2864ms] [ERROR] Permissions policy violation: encrypted-media is not allowed in this document. @ https://player-widget.mixcloud.com/assets/index-DFbmkmY8.js:34
[    2864ms] [WARNING] Encrypted Media access has been blocked because of a Feature Policy applied to the current document. See https://crbug.com/414348233 for more details. @ https://player-widget.mixcloud.com/assets/index-DFbmkmY8.js:34
[    2864ms] [ERROR] Permissions policy violation: encrypted-media is not allowed in this document. @ https://player-widget.mixcloud.com/assets/index-DFbmkmY8.js:34
[    2864ms] [WARNING] Encrypted Media access has been blocked because of a Feature Policy applied to the current document. See https://crbug.com/414348233 for more details. @ https://player-widget.mixcloud.com/assets/index-DFbmkmY8.js:34
[    2874ms] [ERROR] Permissions policy violation: encrypted-media is not allowed in this document. @ https://player-widget.mixcloud.com/assets/index-DFbmkmY8.js:34
[    2874ms] [WARNING] Encrypted Media access has been blocked because of a Feature Policy applied to the current document. See https://crbug.com/414348233 for more details. @ https://player-widget.mixcloud.com/assets/index-DFbmkmY8.js:34
[    2874ms] [ERROR] Permissions policy violation: encrypted-media is not allowed in this document. @ https://player-widget.mixcloud.com/assets/index-DFbmkmY8.js:34
[    2874ms] [WARNING] Encrypted Media access has been blocked because of a Feature Policy applied to the current document. See https://crbug.com/414348233 for more details. @ https://player-widget.mixcloud.com/assets/index-DFbmkmY8.js:34
[    2874ms] [ERROR] Permissions policy violation: encrypted-media is not allowed in this document. @ https://player-widget.mixcloud.com/assets/index-DFbmkmY8.js:34
[    2874ms] [WARNING] Encrypted Media access has been blocked because of a Feature Policy applied to the current document. See https://crbug.com/414348233 for more details. @ https://player-widget.mixcloud.com/assets/index-DFbmkmY8.js:34
[    2880ms] [ERROR] Permissions policy violation: encrypted-media is not allowed in this document. @ https://player-widget.mixcloud.com/assets/index-DFbmkmY8.js:34
[    2880ms] [WARNING] Encrypted Media access has been blocked because of a Feature Policy applied to the current document. See https://crbug.com/414348233 for more details. @ https://player-widget.mixcloud.com/assets/index-DFbmkmY8.js:34
[    2880ms] [ERROR] Permissions policy violation: encrypted-media is not allowed in this document. @ https://player-widget.mixcloud.com/assets/index-DFbmkmY8.js:34
[    2880ms] [WARNING] Encrypted Media access has been blocked because of a Feature Policy applied to the current document. See https://crbug.com/414348233 for more details. @ https://player-widget.mixcloud.com/assets/index-DFbmkmY8.js:34
[    2880ms] [ERROR] Permissions policy violation: encrypted-media is not allowed in this document. @ https://player-widget.mixcloud.com/assets/index-DFbmkmY8.js:34
[    2880ms] [WARNING] Encrypted Media access has been blocked because of a Feature Policy applied to the current document. See https://crbug.com/414348233 for more details. @ https://player-widget.mixcloud.com/assets/index-DFbmkmY8.js:34
[    3181ms] [ERROR] Failed to load resource: the server responded with a status of 404 () @ https://player-widget.mixcloud.com/mix-D-rK8BlV-MixcloudWordmarkLogo.svg#use-href-target:0
[    3193ms] [ERROR] Permissions policy violation: encrypted-media is not allowed in this document. @ https://player-widget.mixcloud.com/assets/index-DFbmkmY8.js:34
[    3193ms] [WARNING] Encrypted Media access has been blocked because of a Feature Policy applied to the current document. See https://crbug.com/414348233 for more details. @ https://player-widget.mixcloud.com/assets/index-DFbmkmY8.js:34
[    3193ms] [ERROR] Permissions policy violation: encrypted-media is not allowed in this document. @ https://player-widget.mixcloud.com/assets/index-DFbmkmY8.js:34
[    3193ms] [WARNING] Encrypted Media access has been blocked because of a Feature Policy applied to the current document. See https://crbug.com/414348233 for more details. @ https://player-widget.mixcloud.com/assets/index-DFbmkmY8.js:34
[    3193ms] [ERROR] Permissions policy violation: encrypted-media is not allowed in this document. @ https://player-widget.mixcloud.com/assets/index-DFbmkmY8.js:34
[    3193ms] [WARNING] Encrypted Media access has been blocked because of a Feature Policy applied to the current document. See https://crbug.com/414348233 for more details. @ https://player-widget.mixcloud.com/assets/index-DFbmkmY8.js:34
[    3223ms] [ERROR] Permissions policy violation: encrypted-media is not allowed in this document. @ https://player-widget.mixcloud.com/assets/index-DFbmkmY8.js:34
[    3223ms] [WARNING] Encrypted Media access has been blocked because of a Feature Policy applied to the current document. See https://crbug.com/414348233 for more details. @ https://player-widget.mixcloud.com/assets/index-DFbmkmY8.js:34
[    3223ms] [ERROR] Permissions policy violation: encrypted-media is not allowed in this document. @ https://player-widget.mixcloud.com/assets/index-DFbmkmY8.js:34
[    3223ms] [WARNING] Encrypted Media access has been blocked because of a Feature Policy applied to the current document. See https://crbug.com/414348233 for more details. @ https://player-widget.mixcloud.com/assets/index-DFbmkmY8.js:34
[    3223ms] [ERROR] Permissions policy violation: encrypted-media is not allowed in this document. @ https://player-widget.mixcloud.com/assets/index-DFbmkmY8.js:34
[    3223ms] [WARNING] Encrypted Media access has been blocked because of a Feature Policy applied to the current document. See https://crbug.com/414348233 for more details. @ https://player-widget.mixcloud.com/assets/index-DFbmkmY8.js:34
[    3230ms] [ERROR] Permissions policy violation: encrypted-media is not allowed in this document. @ https://player-widget.mixcloud.com/assets/index-DFbmkmY8.js:34
[    3230ms] [WARNING] Encrypted Media access has been blocked because of a Feature Policy applied to the current document. See https://crbug.com/414348233 for more details. @ https://player-widget.mixcloud.com/assets/index-DFbmkmY8.js:34
[    3230ms] [ERROR] Permissions policy violation: encrypted-media is not allowed in this document. @ https://player-widget.mixcloud.com/assets/index-DFbmkmY8.js:34
[    3230ms] [WARNING] Encrypted Media access has been blocked because of a Feature Policy applied to the current document. See https://crbug.com/414348233 for more details. @ https://player-widget.mixcloud.com/assets/index-DFbmkmY8.js:34
[    3230ms] [ERROR] Permissions policy violation: encrypted-media is not allowed in this document. @ https://player-widget.mixcloud.com/assets/index-DFbmkmY8.js:34
[    3230ms] [WARNING] Encrypted Media access has been blocked because of a Feature Policy applied to the current document. See https://crbug.com/414348233 for more details. @ https://player-widget.mixcloud.com/assets/index-DFbmkmY8.js:34
[    3236ms] [ERROR] Permissions policy violation: encrypted-media is not allowed in this document. @ https://player-widget.mixcloud.com/assets/index-DFbmkmY8.js:34
[    3236ms] [WARNING] Encrypted Media access has been blocked because of a Feature Policy applied to the current document. See https://crbug.com/414348233 for more details. @ https://player-widget.mixcloud.com/assets/index-DFbmkmY8.js:34
[    3236ms] [ERROR] Permissions policy violation: encrypted-media is not allowed in this document. @ https://player-widget.mixcloud.com/assets/index-DFbmkmY8.js:34
[    3236ms] [WARNING] Encrypted Media access has been blocked because of a Feature Policy applied to the current document. See https://crbug.com/414348233 for more details. @ https://player-widget.mixcloud.com/assets/index-DFbmkmY8.js:34
[    3236ms] [ERROR] Permissions policy violation: encrypted-media is not allowed in this document. @ https://player-widget.mixcloud.com/assets/index-DFbmkmY8.js:34
[    3236ms] [WARNING] Encrypted Media access has been blocked because of a Feature Policy applied to the current document. See https://crbug.com/414348233 for more details. @ https://player-widget.mixcloud.com/assets/index-DFbmkmY8.js:34
[    3379ms] [ERROR] Permissions policy violation: encrypted-media is not allowed in this document. @ https://widget.sndcdn.com/widget-9-a34f7755ab5e.js:54
[    3379ms] [WARNING] Encrypted Media access has been blocked because of a Feature Policy applied to the current document. See https://crbug.com/414348233 for more details. @ https://widget.sndcdn.com/widget-9-a34f7755ab5e.js:54
[    3379ms] [ERROR] Permissions policy violation: encrypted-media is not allowed in this document. @ https://widget.sndcdn.com/widget-9-a34f7755ab5e.js:54
[    3379ms] [WARNING] Encrypted Media access has been blocked because of a Feature Policy applied to the current document. See https://crbug.com/414348233 for more details. @ https://widget.sndcdn.com/widget-9-a34f7755ab5e.js:54
[    3379ms] [ERROR] Permissions policy violation: encrypted-media is not allowed in this document. @ https://widget.sndcdn.com/widget-9-a34f7755ab5e.js:54
[    3379ms] [WARNING] Encrypted Media access has been blocked because of a Feature Policy applied to the current document. See https://crbug.com/414348233 for more details. @ https://widget.sndcdn.com/widget-9-a34f7755ab5e.js:54
[    3379ms] [LOG] SoundCloud Embed Player (api-web) @ https://widget.sndcdn.com/widget-9-a34f7755ab5e.js:54
[    3470ms] [ERROR] Permissions policy violation: encrypted-media is not allowed in this document. @ https://widget.sndcdn.com/widget-9-a34f7755ab5e.js:54
[    3470ms] [WARNING] Encrypted Media access has been blocked because of a Feature Policy applied to the current document. See https://crbug.com/414348233 for more details. @ https://widget.sndcdn.com/widget-9-a34f7755ab5e.js:54
[    3470ms] [ERROR] Permissions policy violation: encrypted-media is not allowed in this document. @ https://widget.sndcdn.com/widget-9-a34f7755ab5e.js:54
[    3470ms] [WARNING] Encrypted Media access has been blocked because of a Feature Policy applied to the current document. See https://crbug.com/414348233 for more details. @ https://widget.sndcdn.com/widget-9-a34f7755ab5e.js:54
[    3470ms] [ERROR] Permissions policy violation: encrypted-media is not allowed in this document. @ https://widget.sndcdn.com/widget-9-a34f7755ab5e.js:54
[    3470ms] [WARNING] Encrypted Media access has been blocked because of a Feature Policy applied to the current document. See https://crbug.com/414348233 for more details. @ https://widget.sndcdn.com/widget-9-a34f7755ab5e.js:54
[    3471ms] [LOG] SoundCloud Embed Player (api-web) @ https://widget.sndcdn.com/widget-9-a34f7755ab5e.js:54
[    3478ms] [ERROR] Permissions policy violation: encrypted-media is not allowed in this document. @ https://widget.sndcdn.com/widget-9-a34f7755ab5e.js:54
[    3478ms] [WARNING] Encrypted Media access has been blocked because of a Feature Policy applied to the current document. See https://crbug.com/414348233 for more details. @ https://widget.sndcdn.com/widget-9-a34f7755ab5e.js:54
[    3478ms] [ERROR] Permissions policy violation: encrypted-media is not allowed in this document. @ https://widget.sndcdn.com/widget-9-a34f7755ab5e.js:54
[    3478ms] [WARNING] Encrypted Media access has been blocked because of a Feature Policy applied to the current document. See https://crbug.com/414348233 for more details. @ https://widget.sndcdn.com/widget-9-a34f7755ab5e.js:54
[    3478ms] [ERROR] Permissions policy violation: encrypted-media is not allowed in this document. @ https://widget.sndcdn.com/widget-9-a34f7755ab5e.js:54
[    3478ms] [WARNING] Encrypted Media access has been blocked because of a Feature Policy applied to the current document. See https://crbug.com/414348233 for more details. @ https://widget.sndcdn.com/widget-9-a34f7755ab5e.js:54
[    3478ms] [LOG] SoundCloud Embed Player (api-web) @ https://widget.sndcdn.com/widget-9-a34f7755ab5e.js:54
[    3486ms] [ERROR] Permissions policy violation: encrypted-media is not allowed in this document. @ https://widget.sndcdn.com/widget-9-a34f7755ab5e.js:54
[    3486ms] [WARNING] Encrypted Media access has been blocked because of a Feature Policy applied to the current document. See https://crbug.com/414348233 for more details. @ https://widget.sndcdn.com/widget-9-a34f7755ab5e.js:54
[    3486ms] [ERROR] Permissions policy violation: encrypted-media is not allowed in this document. @ https://widget.sndcdn.com/widget-9-a34f7755ab5e.js:54
[    3486ms] [WARNING] Encrypted Media access has been blocked because of a Feature Policy applied to the current document. See https://crbug.com/414348233 for more details. @ https://widget.sndcdn.com/widget-9-a34f7755ab5e.js:54
[    3486ms] [ERROR] Permissions policy violation: encrypted-media is not allowed in this document. @ https://widget.sndcdn.com/widget-9-a34f7755ab5e.js:54
[    3486ms] [WARNING] Encrypted Media access has been blocked because of a Feature Policy applied to the current document. See https://crbug.com/414348233 for more details. @ https://widget.sndcdn.com/widget-9-a34f7755ab5e.js:54
[    3486ms] [LOG] SoundCloud Embed Player (api-web) @ https://widget.sndcdn.com/widget-9-a34f7755ab5e.js:54
[    3505ms] [ERROR] Permissions policy violation: encrypted-media is not allowed in this document. @ https://widget.sndcdn.com/widget-9-a34f7755ab5e.js:54
[    3506ms] [WARNING] Encrypted Media access has been blocked because of a Feature Policy applied to the current document. See https://crbug.com/414348233 for more details. @ https://widget.sndcdn.com/widget-9-a34f7755ab5e.js:54
[    3506ms] [ERROR] Permissions policy violation: encrypted-media is not allowed in this document. @ https://widget.sndcdn.com/widget-9-a34f7755ab5e.js:54
[    3506ms] [WARNING] Encrypted Media access has been blocked because of a Feature Policy applied to the current document. See https://crbug.com/414348233 for more details. @ https://widget.sndcdn.com/widget-9-a34f7755ab5e.js:54
[    3506ms] [ERROR] Permissions policy violation: encrypted-media is not allowed in this document. @ https://widget.sndcdn.com/widget-9-a34f7755ab5e.js:54
[    3506ms] [WARNING] Encrypted Media access has been blocked because of a Feature Policy applied to the current document. See https://crbug.com/414348233 for more details. @ https://widget.sndcdn.com/widget-9-a34f7755ab5e.js:54
[    3506ms] [LOG] SoundCloud Embed Player (api-web) @ https://widget.sndcdn.com/widget-9-a34f7755ab5e.js:54
[    3520ms] [ERROR] Permissions policy violation: encrypted-media is not allowed in this document. @ https://widget.sndcdn.com/widget-9-a34f7755ab5e.js:54
[    3520ms] [WARNING] Encrypted Media access has been blocked because of a Feature Policy applied to the current document. See https://crbug.com/414348233 for more details. @ https://widget.sndcdn.com/widget-9-a34f7755ab5e.js:54
[    3520ms] [ERROR] Permissions policy violation: encrypted-media is not allowed in this document. @ https://widget.sndcdn.com/widget-9-a34f7755ab5e.js:54
[    3520ms] [WARNING] Encrypted Media access has been blocked because of a Feature Policy applied to the current document. See https://crbug.com/414348233 for more details. @ https://widget.sndcdn.com/widget-9-a34f7755ab5e.js:54
[    3520ms] [ERROR] Permissions policy violation: encrypted-media is not allowed in this document. @ https://widget.sndcdn.com/widget-9-a34f7755ab5e.js:54
[    3520ms] [WARNING] Encrypted Media access has been blocked because of a Feature Policy applied to the current document. See https://crbug.com/414348233 for more details. @ https://widget.sndcdn.com/widget-9-a34f7755ab5e.js:54
[    3520ms] [LOG] SoundCloud Embed Player (api-web) @ https://widget.sndcdn.com/widget-9-a34f7755ab5e.js:54
[    3528ms] [ERROR] Permissions policy violation: encrypted-media is not allowed in this document. @ https://widget.sndcdn.com/widget-9-a34f7755ab5e.js:54
[    3528ms] [WARNING] Encrypted Media access has been blocked because of a Feature Policy applied to the current document. See https://crbug.com/414348233 for more details. @ https://widget.sndcdn.com/widget-9-a34f7755ab5e.js:54
[    3528ms] [ERROR] Permissions policy violation: encrypted-media is not allowed in this document. @ https://widget.sndcdn.com/widget-9-a34f7755ab5e.js:54
[    3528ms] [WARNING] Encrypted Media access has been blocked because of a Feature Policy applied to the current document. See https://crbug.com/414348233 for more details. @ https://widget.sndcdn.com/widget-9-a34f7755ab5e.js:54
[    3528ms] [ERROR] Permissions policy violation: encrypted-media is not allowed in this document. @ https://widget.sndcdn.com/widget-9-a34f7755ab5e.js:54
[    3528ms] [WARNING] Encrypted Media access has been blocked because of a Feature Policy applied to the current document. See https://crbug.com/414348233 for more details. @ https://widget.sndcdn.com/widget-9-a34f7755ab5e.js:54
[    3528ms] [LOG] SoundCloud Embed Player (api-web) @ https://widget.sndcdn.com/widget-9-a34f7755ab5e.js:54
[    3644ms] [ERROR] Permissions policy violation: encrypted-media is not allowed in this document. @ https://widget.sndcdn.com/widget-9-a34f7755ab5e.js:54
[    3644ms] [WARNING] Encrypted Media access has been blocked because of a Feature Policy applied to the current document. See https://crbug.com/414348233 for more details. @ https://widget.sndcdn.com/widget-9-a34f7755ab5e.js:54
[    3644ms] [ERROR] Permissions policy violation: encrypted-media is not allowed in this document. @ https://widget.sndcdn.com/widget-9-a34f7755ab5e.js:54
[    3644ms] [WARNING] Encrypted Media access has been blocked because of a Feature Policy applied to the current document. See https://crbug.com/414348233 for more details. @ https://widget.sndcdn.com/widget-9-a34f7755ab5e.js:54
[    3644ms] [ERROR] Permissions policy violation: encrypted-media is not allowed in this document. @ https://widget.sndcdn.com/widget-9-a34f7755ab5e.js:54
[    3644ms] [WARNING] Encrypted Media access has been blocked because of a Feature Policy applied to the current document. See https://crbug.com/414348233 for more details. @ https://widget.sndcdn.com/widget-9-a34f7755ab5e.js:54
[    3645ms] [LOG] SoundCloud Embed Player (api-web) @ https://widget.sndcdn.com/widget-9-a34f7755ab5e.js:54
[    3651ms] [ERROR] Permissions policy violation: encrypted-media is not allowed in this document. @ https://widget.sndcdn.com/widget-9-a34f7755ab5e.js:54
[    3651ms] [WARNING] Encrypted Media access has been blocked because of a Feature Policy applied to the current document. See https://crbug.com/414348233 for more details. @ https://widget.sndcdn.com/widget-9-a34f7755ab5e.js:54
[    3651ms] [ERROR] Permissions policy violation: encrypted-media is not allowed in this document. @ https://widget.sndcdn.com/widget-9-a34f7755ab5e.js:54
[    3651ms] [WARNING] Encrypted Media access has been blocked because of a Feature Policy applied to the current document. See https://crbug.com/414348233 for more details. @ https://widget.sndcdn.com/widget-9-a34f7755ab5e.js:54
[    3651ms] [ERROR] Permissions policy violation: encrypted-media is not allowed in this document. @ https://widget.sndcdn.com/widget-9-a34f7755ab5e.js:54
[    3651ms] [WARNING] Encrypted Media access has been blocked because of a Feature Policy applied to the current document. See https://crbug.com/414348233 for more details. @ https://widget.sndcdn.com/widget-9-a34f7755ab5e.js:54
[    3651ms] [LOG] SoundCloud Embed Player (api-web) @ https://widget.sndcdn.com/widget-9-a34f7755ab5e.js:54
[    3664ms] [ERROR] Permissions policy violation: encrypted-media is not allowed in this document. @ https://widget.sndcdn.com/widget-9-a34f7755ab5e.js:54
[    3664ms] [WARNING] Encrypted Media access has been blocked because of a Feature Policy applied to the current document. See https://crbug.com/414348233 for more details. @ https://widget.sndcdn.com/widget-9-a34f7755ab5e.js:54
[    3664ms] [ERROR] Permissions policy violation: encrypted-media is not allowed in this document. @ https://widget.sndcdn.com/widget-9-a34f7755ab5e.js:54
[    3664ms] [WARNING] Encrypted Media access has been blocked because of a Feature Policy applied to the current document. See https://crbug.com/414348233 for more details. @ https://widget.sndcdn.com/widget-9-a34f7755ab5e.js:54
[    3664ms] [ERROR] Permissions policy violation: encrypted-media is not allowed in this document. @ https://widget.sndcdn.com/widget-9-a34f7755ab5e.js:54
[    3664ms] [WARNING] Encrypted Media access has been blocked because of a Feature Policy applied to the current document. See https://crbug.com/414348233 for more details. @ https://widget.sndcdn.com/widget-9-a34f7755ab5e.js:54
[    3664ms] [LOG] SoundCloud Embed Player (api-web) @ https://widget.sndcdn.com/widget-9-a34f7755ab5e.js:54
[    3677ms] [ERROR] Permissions policy violation: encrypted-media is not allowed in this document. @ https://widget.sndcdn.com/widget-9-a34f7755ab5e.js:54
[    3677ms] [WARNING] Encrypted Media access has been blocked because of a Feature Policy applied to the current document. See https://crbug.com/414348233 for more details. @ https://widget.sndcdn.com/widget-9-a34f7755ab5e.js:54
[    3677ms] [ERROR] Permissions policy violation: encrypted-media is not allowed in this document. @ https://widget.sndcdn.com/widget-9-a34f7755ab5e.js:54
[    3677ms] [WARNING] Encrypted Media access has been blocked because of a Feature Policy applied to the current document. See https://crbug.com/414348233 for more details. @ https://widget.sndcdn.com/widget-9-a34f7755ab5e.js:54
[    3677ms] [ERROR] Permissions policy violation: encrypted-media is not allowed in this document. @ https://widget.sndcdn.com/widget-9-a34f7755ab5e.js:54
[    3677ms] [WARNING] Encrypted Media access has been blocked because of a Feature Policy applied to the current document. See https://crbug.com/414348233 for more details. @ https://widget.sndcdn.com/widget-9-a34f7755ab5e.js:54
[    3677ms] [LOG] SoundCloud Embed Player (api-web) @ https://widget.sndcdn.com/widget-9-a34f7755ab5e.js:54
[    3699ms] [ERROR] Permissions policy violation: encrypted-media is not allowed in this document. @ https://widget.sndcdn.com/widget-9-a34f7755ab5e.js:54
[    3699ms] [WARNING] Encrypted Media access has been blocked because of a Feature Policy applied to the current document. See https://crbug.com/414348233 for more details. @ https://widget.sndcdn.com/widget-9-a34f7755ab5e.js:54
[    3699ms] [ERROR] Permissions policy violation: encrypted-media is not allowed in this document. @ https://widget.sndcdn.com/widget-9-a34f7755ab5e.js:54
[    3699ms] [WARNING] Encrypted Media access has been blocked because of a Feature Policy applied to the current document. See https://crbug.com/414348233 for more details. @ https://widget.sndcdn.com/widget-9-a34f7755ab5e.js:54
[    3699ms] [ERROR] Permissions policy violation: encrypted-media is not allowed in this document. @ https://widget.sndcdn.com/widget-9-a34f7755ab5e.js:54
[    3699ms] [WARNING] Encrypted Media access has been blocked because of a Feature Policy applied to the current document. See https://crbug.com/414348233 for more details. @ https://widget.sndcdn.com/widget-9-a34f7755ab5e.js:54
[    3699ms] [LOG] SoundCloud Embed Player (api-web) @ https://widget.sndcdn.com/widget-9-a34f7755ab5e.js:54
[    3804ms] [ERROR] Permissions policy violation: encrypted-media is not allowed in this document. @ https://widget.sndcdn.com/widget-9-a34f7755ab5e.js:54
[    3805ms] [WARNING] Encrypted Media access has been blocked because of a Feature Policy applied to the current document. See https://crbug.com/414348233 for more details. @ https://widget.sndcdn.com/widget-9-a34f7755ab5e.js:54
[    3805ms] [ERROR] Permissions policy violation: encrypted-media is not allowed in this document. @ https://widget.sndcdn.com/widget-9-a34f7755ab5e.js:54
[    3805ms] [WARNING] Encrypted Media access has been blocked because of a Feature Policy applied to the current document. See https://crbug.com/414348233 for more details. @ https://widget.sndcdn.com/widget-9-a34f7755ab5e.js:54
[    3805ms] [ERROR] Permissions policy violation: encrypted-media is not allowed in this document. @ https://widget.sndcdn.com/widget-9-a34f7755ab5e.js:54
[    3805ms] [WARNING] Encrypted Media access has been blocked because of a Feature Policy applied to the current document. See https://crbug.com/414348233 for more details. @ https://widget.sndcdn.com/widget-9-a34f7755ab5e.js:54
[    3805ms] [LOG] SoundCloud Embed Player (api-web) @ https://widget.sndcdn.com/widget-9-a34f7755ab5e.js:54
[    3813ms] [ERROR] Permissions policy violation: encrypted-media is not allowed in this document. @ https://widget.sndcdn.com/widget-9-a34f7755ab5e.js:54
[    3813ms] [WARNING] Encrypted Media access has been blocked because of a Feature Policy applied to the current document. See https://crbug.com/414348233 for more details. @ https://widget.sndcdn.com/widget-9-a34f7755ab5e.js:54
[    3813ms] [ERROR] Permissions policy violation: encrypted-media is not allowed in this document. @ https://widget.sndcdn.com/widget-9-a34f7755ab5e.js:54
[    3813ms] [WARNING] Encrypted Media access has been blocked because of a Feature Policy applied to the current document. See https://crbug.com/414348233 for more details. @ https://widget.sndcdn.com/widget-9-a34f7755ab5e.js:54
[    3813ms] [ERROR] Permissions policy violation: encrypted-media is not allowed in this document. @ https://widget.sndcdn.com/widget-9-a34f7755ab5e.js:54
[    3814ms] [WARNING] Encrypted Media access has been blocked because of a Feature Policy applied to the current document. See https://crbug.com/414348233 for more details. @ https://widget.sndcdn.com/widget-9-a34f7755ab5e.js:54
[    3814ms] [LOG] SoundCloud Embed Player (api-web) @ https://widget.sndcdn.com/widget-9-a34f7755ab5e.js:54
[    3830ms] [ERROR] Permissions policy violation: encrypted-media is not allowed in this document. @ https://widget.sndcdn.com/widget-9-a34f7755ab5e.js:54
[    3830ms] [WARNING] Encrypted Media access has been blocked because of a Feature Policy applied to the current document. See https://crbug.com/414348233 for more details. @ https://widget.sndcdn.com/widget-9-a34f7755ab5e.js:54
[    3830ms] [ERROR] Permissions policy violation: encrypted-media is not allowed in this document. @ https://widget.sndcdn.com/widget-9-a34f7755ab5e.js:54
[    3830ms] [WARNING] Encrypted Media access has been blocked because of a Feature Policy applied to the current document. See https://crbug.com/414348233 for more details. @ https://widget.sndcdn.com/widget-9-a34f7755ab5e.js:54
[    3830ms] [ERROR] Permissions policy violation: encrypted-media is not allowed in this document. @ https://widget.sndcdn.com/widget-9-a34f7755ab5e.js:54
[    3830ms] [WARNING] Encrypted Media access has been blocked because of a Feature Policy applied to the current document. See https://crbug.com/414348233 for more details. @ https://widget.sndcdn.com/widget-9-a34f7755ab5e.js:54
[    3830ms] [LOG] SoundCloud Embed Player (api-web) @ https://widget.sndcdn.com/widget-9-a34f7755ab5e.js:54
[    3860ms] [ERROR] Failed to load resource: the server responded with a status of 404 () @ https://player-widget.mixcloud.com/mix-D-rK8BlV-MixcloudWordmarkLogo.svg#use-href-target:0
[    3901ms] [ERROR] Failed to load resource: the server responded with a status of 404 () @ https://player-widget.mixcloud.com/mix-D-rK8BlV-MixcloudWordmarkLogo.svg#use-href-target:0
[    3918ms] [ERROR] Permissions policy violation: encrypted-media is not allowed in this document. @ https://widget.sndcdn.com/widget-9-a34f7755ab5e.js:54
[    3919ms] [WARNING] Encrypted Media access has been blocked because of a Feature Policy applied to the current document. See https://crbug.com/414348233 for more details. @ https://widget.sndcdn.com/widget-9-a34f7755ab5e.js:54
[    3919ms] [ERROR] Permissions policy violation: encrypted-media is not allowed in this document. @ https://widget.sndcdn.com/widget-9-a34f7755ab5e.js:54
[    3919ms] [WARNING] Encrypted Media access has been blocked because of a Feature Policy applied to the current document. See https://crbug.com/414348233 for more details. @ https://widget.sndcdn.com/widget-9-a34f7755ab5e.js:54
[    3919ms] [ERROR] Permissions policy violation: encrypted-media is not allowed in this document. @ https://widget.sndcdn.com/widget-9-a34f7755ab5e.js:54
[    3919ms] [WARNING] Encrypted Media access has been blocked because of a Feature Policy applied to the current document. See https://crbug.com/414348233 for more details. @ https://widget.sndcdn.com/widget-9-a34f7755ab5e.js:54
[    3919ms] [LOG] SoundCloud Embed Player (api-web) @ https://widget.sndcdn.com/widget-9-a34f7755ab5e.js:54
[    3925ms] [ERROR] Permissions policy violation: encrypted-media is not allowed in this document. @ https://widget.sndcdn.com/widget-9-a34f7755ab5e.js:54
[    3925ms] [WARNING] Encrypted Media access has been blocked because of a Feature Policy applied to the current document. See https://crbug.com/414348233 for more details. @ https://widget.sndcdn.com/widget-9-a34f7755ab5e.js:54
[    3925ms] [ERROR] Permissions policy violation: encrypted-media is not allowed in this document. @ https://widget.sndcdn.com/widget-9-a34f7755ab5e.js:54
[    3925ms] [WARNING] Encrypted Media access has been blocked because of a Feature Policy applied to the current document. See https://crbug.com/414348233 for more details. @ https://widget.sndcdn.com/widget-9-a34f7755ab5e.js:54
[    3925ms] [ERROR] Permissions policy violation: encrypted-media is not allowed in this document. @ https://widget.sndcdn.com/widget-9-a34f7755ab5e.js:54
[    3925ms] [WARNING] Encrypted Media access has been blocked because of a Feature Policy applied to the current document. See https://crbug.com/414348233 for more details. @ https://widget.sndcdn.com/widget-9-a34f7755ab5e.js:54
[    3925ms] [LOG] SoundCloud Embed Player (api-web) @ https://widget.sndcdn.com/widget-9-a34f7755ab5e.js:54
[    3937ms] [ERROR] Permissions policy violation: encrypted-media is not allowed in this document. @ https://widget.sndcdn.com/widget-9-a34f7755ab5e.js:54
[    3937ms] [WARNING] Encrypted Media access has been blocked because of a Feature Policy applied to the current document. See https://crbug.com/414348233 for more details. @ https://widget.sndcdn.com/widget-9-a34f7755ab5e.js:54
[    3937ms] [ERROR] Permissions policy violation: encrypted-media is not allowed in this document. @ https://widget.sndcdn.com/widget-9-a34f7755ab5e.js:54
[    3937ms] [WARNING] Encrypted Media access has been blocked because of a Feature Policy applied to the current document. See https://crbug.com/414348233 for more details. @ https://widget.sndcdn.com/widget-9-a34f7755ab5e.js:54
[    3937ms] [ERROR] Permissions policy violation: encrypted-media is not allowed in this document. @ https://widget.sndcdn.com/widget-9-a34f7755ab5e.js:54
[    3937ms] [WARNING] Encrypted Media access has been blocked because of a Feature Policy applied to the current document. See https://crbug.com/414348233 for more details. @ https://widget.sndcdn.com/widget-9-a34f7755ab5e.js:54
[    3937ms] [LOG] SoundCloud Embed Player (api-web) @ https://widget.sndcdn.com/widget-9-a34f7755ab5e.js:54
[    3948ms] [ERROR] Failed to load resource: the server responded with a status of 404 () @ https://player-widget.mixcloud.com/mix-D-rK8BlV-MixcloudWordmarkLogo.svg#use-href-target:0
[    3977ms] [ERROR] Permissions policy violation: encrypted-media is not allowed in this document. @ https://widget.sndcdn.com/widget-9-a34f7755ab5e.js:54
[    3977ms] [WARNING] Encrypted Media access has been blocked because of a Feature Policy applied to the current document. See https://crbug.com/414348233 for more details. @ https://widget.sndcdn.com/widget-9-a34f7755ab5e.js:54
[    3977ms] [ERROR] Permissions policy violation: encrypted-media is not allowed in this document. @ https://widget.sndcdn.com/widget-9-a34f7755ab5e.js:54
[    3977ms] [WARNING] Encrypted Media access has been blocked because of a Feature Policy applied to the current document. See https://crbug.com/414348233 for more details. @ https://widget.sndcdn.com/widget-9-a34f7755ab5e.js:54
[    3977ms] [ERROR] Permissions policy violation: encrypted-media is not allowed in this document. @ https://widget.sndcdn.com/widget-9-a34f7755ab5e.js:54
[    3977ms] [WARNING] Encrypted Media access has been blocked because of a Feature Policy applied to the current document. See https://crbug.com/414348233 for more details. @ https://widget.sndcdn.com/widget-9-a34f7755ab5e.js:54
[    3977ms] [LOG] SoundCloud Embed Player (api-web) @ https://widget.sndcdn.com/widget-9-a34f7755ab5e.js:54
[    3984ms] [ERROR] Permissions policy violation: encrypted-media is not allowed in this document. @ https://widget.sndcdn.com/widget-9-a34f7755ab5e.js:54
[    3984ms] [WARNING] Encrypted Media access has been blocked because of a Feature Policy applied to the current document. See https://crbug.com/414348233 for more details. @ https://widget.sndcdn.com/widget-9-a34f7755ab5e.js:54
[    3984ms] [ERROR] Permissions policy violation: encrypted-media is not allowed in this document. @ https://widget.sndcdn.com/widget-9-a34f7755ab5e.js:54
[    3984ms] [WARNING] Encrypted Media access has been blocked because of a Feature Policy applied to the current document. See https://crbug.com/414348233 for more details. @ https://widget.sndcdn.com/widget-9-a34f7755ab5e.js:54
[    3984ms] [ERROR] Permissions policy violation: encrypted-media is not allowed in this document. @ https://widget.sndcdn.com/widget-9-a34f7755ab5e.js:54
[    3984ms] [WARNING] Encrypted Media access has been blocked because of a Feature Policy applied to the current document. See https://crbug.com/414348233 for more details. @ https://widget.sndcdn.com/widget-9-a34f7755ab5e.js:54
[    3984ms] [LOG] SoundCloud Embed Player (api-web) @ https://widget.sndcdn.com/widget-9-a34f7755ab5e.js:54
[    3992ms] [ERROR] Failed to load resource: the server responded with a status of 404 () @ https://player-widget.mixcloud.com/mix-D-rK8BlV-MixcloudWordmarkLogo.svg#use-href-target:0
[    4041ms] [ERROR] Failed to load resource: the server responded with a status of 404 () @ https://player-widget.mixcloud.com/mix-D-rK8BlV-MixcloudWordmarkLogo.svg#use-href-target:0
[    4071ms] [ERROR] Permissions policy violation: encrypted-media is not allowed in this document. @ https://widget.sndcdn.com/widget-9-a34f7755ab5e.js:54
[    4071ms] [WARNING] Encrypted Media access has been blocked because of a Feature Policy applied to the current document. See https://crbug.com/414348233 for more details. @ https://widget.sndcdn.com/widget-9-a34f7755ab5e.js:54
[    4071ms] [ERROR] Permissions policy violation: encrypted-media is not allowed in this document. @ https://widget.sndcdn.com/widget-9-a34f7755ab5e.js:54
[    4071ms] [WARNING] Encrypted Media access has been blocked because of a Feature Policy applied to the current document. See https://crbug.com/414348233 for more details. @ https://widget.sndcdn.com/widget-9-a34f7755ab5e.js:54
[    4071ms] [ERROR] Permissions policy violation: encrypted-media is not allowed in this document. @ https://widget.sndcdn.com/widget-9-a34f7755ab5e.js:54
[    4071ms] [WARNING] Encrypted Media access has been blocked because of a Feature Policy applied to the current document. See https://crbug.com/414348233 for more details. @ https://widget.sndcdn.com/widget-9-a34f7755ab5e.js:54
[    4071ms] [LOG] SoundCloud Embed Player (api-web) @ https://widget.sndcdn.com/widget-9-a34f7755ab5e.js:54
[    4085ms] [ERROR] Failed to load resource: the server responded with a status of 404 () @ https://player-widget.mixcloud.com/mix-D-rK8BlV-MixcloudWordmarkLogo.svg#use-href-target:0
[    4149ms] [ERROR] Failed to load resource: the server responded with a status of 404 () @ https://player-widget.mixcloud.com/mix-D-rK8BlV-MixcloudWordmarkLogo.svg#use-href-target:0
[    4190ms] [ERROR] Failed to load resource: the server responded with a status of 404 () @ https://player-widget.mixcloud.com/mix-D-rK8BlV-MixcloudWordmarkLogo.svg#use-href-target:0
[   11267ms] [WARNING] The resource https://player-widget.mixcloud.com/assets/mix-RbQjuyZ0-dm-sans-latin-wght-normal.woff2 was preloaded using link preload but not used within a few seconds from the window's load event. Please make sure it has an appropriate `as` value and it is preloaded intentionally. @ https://player-widget.mixcloud.com/widget/iframe?feed=%2Fdj-nerva%2Fjungle-dnb%2F:0
[   11267ms] [WARNING] The resource https://player-widget.mixcloud.com/assets/mix-BQjZ2nPP-open-sans-latin-wght-normal.woff2 was preloaded using link preload but not used within a few seconds from the window's load event. Please make sure it has an appropriate `as` value and it is preloaded intentionally. @ https://player-widget.mixcloud.com/widget/iframe?feed=%2Fdj-nerva%2Fjungle-dnb%2F:0
[   11302ms] [WARNING] The resource https://player-widget.mixcloud.com/assets/mix-RbQjuyZ0-dm-sans-latin-wght-normal.woff2 was preloaded using link preload but not used within a few seconds from the window's load event. Please make sure it has an appropriate `as` value and it is preloaded intentionally. @ https://player-widget.mixcloud.com/widget/iframe?feed=%2Fdj-nerva%2Ftechno-selects-1%2F:0
[   11302ms] [WARNING] The resource https://player-widget.mixcloud.com/assets/mix-BQjZ2nPP-open-sans-latin-wght-normal.woff2 was preloaded using link preload but not used within a few seconds from the window's load event. Please make sure it has an appropriate `as` value and it is preloaded intentionally. @ https://player-widget.mixcloud.com/widget/iframe?feed=%2Fdj-nerva%2Ftechno-selects-1%2F:0
[   11449ms] [WARNING] The resource https://player-widget.mixcloud.com/assets/mix-RbQjuyZ0-dm-sans-latin-wght-normal.woff2 was preloaded using link preload but not used within a few seconds from the window's load event. Please make sure it has an appropriate `as` value and it is preloaded intentionally. @ https://player-widget.mixcloud.com/widget/iframe?feed=%2Fdj-nerva%2Fclub-selects%2F:0
[   11449ms] [WARNING] The resource https://player-widget.mixcloud.com/assets/mix-BQjZ2nPP-open-sans-latin-wght-normal.woff2 was preloaded using link preload but not used within a few seconds from the window's load event. Please make sure it has an appropriate `as` value and it is preloaded intentionally. @ https://player-widget.mixcloud.com/widget/iframe?feed=%2Fdj-nerva%2Fclub-selects%2F:0
[   11529ms] [WARNING] The resource https://player-widget.mixcloud.com/assets/mix-RbQjuyZ0-dm-sans-latin-wght-normal.woff2 was preloaded using link preload but not used within a few seconds from the window's load event. Please make sure it has an appropriate `as` value and it is preloaded intentionally. @ https://player-widget.mixcloud.com/widget/iframe?feed=%2Fdj-nerva%2Fpride-dance-stage-practice-mix-2024%2F:0
[   11529ms] [WARNING] The resource https://player-widget.mixcloud.com/assets/mix-BQjZ2nPP-open-sans-latin-wght-normal.woff2 was preloaded using link preload but not used within a few seconds from the window's load event. Please make sure it has an appropriate `as` value and it is preloaded intentionally. @ https://player-widget.mixcloud.com/widget/iframe?feed=%2Fdj-nerva%2Fpride-dance-stage-practice-mix-2024%2F:0
[   11625ms] [WARNING] The resource https://player-widget.mixcloud.com/assets/mix-RbQjuyZ0-dm-sans-latin-wght-normal.woff2 was preloaded using link preload but not used within a few seconds from the window's load event. Please make sure it has an appropriate `as` value and it is preloaded intentionally. @ https://player-widget.mixcloud.com/widget/iframe?feed=%2Fdj-nerva%2Fdrum-bass-selects%2F:0
[   11625ms] [WARNING] The resource https://player-widget.mixcloud.com/assets/mix-BQjZ2nPP-open-sans-latin-wght-normal.woff2 was preloaded using link preload but not used within a few seconds from the window's load event. Please make sure it has an appropriate `as` value and it is preloaded intentionally. @ https://player-widget.mixcloud.com/widget/iframe?feed=%2Fdj-nerva%2Fdrum-bass-selects%2F:0
[   11625ms] [WARNING] The resource https://player-widget.mixcloud.com/assets/mix-RbQjuyZ0-dm-sans-latin-wght-normal.woff2 was preloaded using link preload but not used within a few seconds from the window's load event. Please make sure it has an appropriate `as` value and it is preloaded intentionally. @ https://player-widget.mixcloud.com/widget/iframe?feed=%2Fdj-nerva%2Foff-the-rails-practice-mix%2F:0
[   11625ms] [WARNING] The resource https://player-widget.mixcloud.com/assets/mix-BQjZ2nPP-open-sans-latin-wght-normal.woff2 was preloaded using link preload but not used within a few seconds from the window's load event. Please make sure it has an appropriate `as` value and it is preloaded intentionally. @ https://player-widget.mixcloud.com/widget/iframe?feed=%2Fdj-nerva%2Foff-the-rails-practice-mix%2F:0
[   11738ms] [WARNING] The resource https://player-widget.mixcloud.com/assets/mix-RbQjuyZ0-dm-sans-latin-wght-normal.woff2 was preloaded using link preload but not used within a few seconds from the window's load event. Please make sure it has an appropriate `as` value and it is preloaded intentionally. @ https://player-widget.mixcloud.com/widget/iframe?feed=%2Fdj-nerva%2Fimpervious-anecdotal-visual-artists-adam-stab-paul-taylor-zo-gallery-w-dj-set-by-nerva%2F:0
[   11738ms] [WARNING] The resource https://player-widget.mixcloud.com/assets/mix-BQjZ2nPP-open-sans-latin-wght-normal.woff2 was preloaded using link preload but not used within a few seconds from the window's load event. Please make sure it has an appropriate `as` value and it is preloaded intentionally. @ https://player-widget.mixcloud.com/widget/iframe?feed=%2Fdj-nerva%2Fimpervious-anecdotal-visual-artists-adam-stab-paul-taylor-zo-gallery-w-dj-set-by-nerva%2F:0
[   11802ms] [WARNING] The resource https://player-widget.mixcloud.com/assets/mix-RbQjuyZ0-dm-sans-latin-wght-normal.woff2 was preloaded using link preload but not used within a few seconds from the window's load event. Please make sure it has an appropriate `as` value and it is preloaded intentionally. @ https://player-widget.mixcloud.com/widget/iframe?feed=%2Fdj-nerva%2Fspirit-world-round-2-b2b-w-oldboyslug%2F:0
[   11802ms] [WARNING] The resource https://player-widget.mixcloud.com/assets/mix-BQjZ2nPP-open-sans-latin-wght-normal.woff2 was preloaded using link preload but not used within a few seconds from the window's load event. Please make sure it has an appropriate `as` value and it is preloaded intentionally. @ https://player-widget.mixcloud.com/widget/iframe?feed=%2Fdj-nerva%2Fspirit-world-round-2-b2b-w-oldboyslug%2F:0
[   12135ms] [WARNING] The resource https://player-widget.mixcloud.com/assets/mix-RbQjuyZ0-dm-sans-latin-wght-normal.woff2 was preloaded using link preload but not used within a few seconds from the window's load event. Please make sure it has an appropriate `as` value and it is preloaded intentionally. @ https://player-widget.mixcloud.com/widget/iframe?feed=%2Fdj-nerva%2Fdj-es-nerva-at-royal-blue-3-star-wars-edition%2F:0
[   12135ms] [WARNING] The resource https://player-widget.mixcloud.com/assets/mix-BQjZ2nPP-open-sans-latin-wght-normal.woff2 was preloaded using link preload but not used within a few seconds from the window's load event. Please make sure it has an appropriate `as` value and it is preloaded intentionally. @ https://player-widget.mixcloud.com/widget/iframe?feed=%2Fdj-nerva%2Fdj-es-nerva-at-royal-blue-3-star-wars-edition%2F:0
